
=== [1/8] phys_hp16  (rate=1182.0, dur=None) ===
  [m4 1182Hz physics] frame 100/1025 (8s)
  [m4 1182Hz physics] frame 200/1025 (18s)
  [m4 1182Hz physics] frame 300/1025 (29s)
  [m4 1182Hz physics] frame 400/1025 (40s)
  [m4 1182Hz physics] frame 500/1025 (52s)
  [m4 1182Hz physics] frame 600/1025 (63s)
  [m4 1182Hz physics] frame 700/1025 (76s)
  [m4 1182Hz physics] frame 800/1025 (89s)
  [m4 1182Hz physics] frame 900/1025 (100s)
  [m4 1182Hz physics] frame 1000/1025 (112s)
  prec_x=2.100 r_dot_x=0.907 r_trk_x=0.552 valid=71% PASS (116s)

=== [2/8] phys_hp20  (rate=1182.0, dur=None) ===
  [m4 1182Hz physics] frame 100/1025 (10s)
  [m4 1182Hz physics] frame 200/1025 (21s)
  [m4 1182Hz physics] frame 300/1025 (34s)
  [m4 1182Hz physics] frame 400/1025 (46s)
  [m4 1182Hz physics] frame 500/1025 (60s)
  [m4 1182Hz physics] frame 600/1025 (73s)
  [m4 1182Hz physics] frame 700/1025 (87s)
  [m4 1182Hz physics] frame 800/1025 (102s)
  [m4 1182Hz physics] frame 900/1025 (114s)
  [m4 1182Hz physics] frame 1000/1025 (128s)
  prec_x=2.037 r_dot_x=0.908 r_trk_x=0.551 valid=71% PASS (131s)

=== [3/8] phys_nw3_ess0.7  (rate=1182.0, dur=None) ===
  [m4 1182Hz physics] frame 100/1025 (5s)
  [m4 1182Hz physics] frame 200/1025 (11s)
  [m4 1182Hz physics] frame 300/1025 (18s)
  [m4 1182Hz physics] frame 400/1025 (25s)
  [m4 1182Hz physics] frame 500/1025 (32s)
  [m4 1182Hz physics] frame 600/1025 (39s)
  [m4 1182Hz physics] frame 700/1025 (46s)
  [m4 1182Hz physics] frame 800/1025 (54s)
  [m4 1182Hz physics] frame 900/1025 (61s)
  [m4 1182Hz physics] frame 1000/1025 (68s)
  prec_x=1.958 r_dot_x=0.905 r_trk_x=0.548 valid=71% PASS (70s)

=== [4/8] phys_nw3_hp16  (rate=1182.0, dur=None) ===
  [m4 1182Hz physics] frame 100/1025 (8s)
  [m4 1182Hz physics] frame 200/1025 (18s)
  [m4 1182Hz physics] frame 300/1025 (29s)
  [m4 1182Hz physics] frame 400/1025 (41s)
  [m4 1182Hz physics] frame 500/1025 (54s)
  [m4 1182Hz physics] frame 600/1025 (65s)
  [m4 1182Hz physics] frame 700/1025 (78s)
  [m4 1182Hz physics] frame 800/1025 (92s)
  [m4 1182Hz physics] frame 900/1025 (104s)
  [m4 1182Hz physics] frame 1000/1025 (116s)
  prec_x=1.995 r_dot_x=0.904 r_trk_x=0.549 valid=71% PASS (119s)

=== [5/8] phys_nw3_ess0.7_hp16  (rate=1182.0, dur=None) ===
  [m4 1182Hz physics] frame 100/1025 (9s)
  [m4 1182Hz physics] frame 200/1025 (19s)
  [m4 1182Hz physics] frame 300/1025 (30s)
  [m4 1182Hz physics] frame 400/1025 (41s)
  [m4 1182Hz physics] frame 500/1025 (54s)
  [m4 1182Hz physics] frame 600/1025 (65s)
  [m4 1182Hz physics] frame 700/1025 (78s)
  [m4 1182Hz physics] frame 800/1025 (91s)
  [m4 1182Hz physics] frame 900/1025 (102s)
  [m4 1182Hz physics] frame 1000/1025 (114s)
  prec_x=1.981 r_dot_x=0.905 r_trk_x=0.550 valid=71% PASS (116s)

=== [6/8] phys_nw3_ess0.7_hp16_rp0.25  (rate=1182.0, dur=None) ===
  [m4 1182Hz physics] frame 100/1025 (8s)
  [m4 1182Hz physics] frame 200/1025 (19s)
  [m4 1182Hz physics] frame 300/1025 (30s)
  [m4 1182Hz physics] frame 400/1025 (41s)
  [m4 1182Hz physics] frame 500/1025 (54s)
  [m4 1182Hz physics] frame 600/1025 (65s)
  [m4 1182Hz physics] frame 700/1025 (77s)
  [m4 1182Hz physics] frame 800/1025 (91s)
  [m4 1182Hz physics] frame 900/1025 (102s)
  [m4 1182Hz physics] frame 1000/1025 (114s)
  prec_x=1.936 r_dot_x=0.905 r_trk_x=0.551 valid=71% PASS (117s)

=== [7/8] learn_nw3  (rate=1182.0, dur=None) ===
  [m4 1182Hz learned] frame 100/1025 (42s)
  [m4 1182Hz learned] frame 200/1025 (97s)
  [m4 1182Hz learned] frame 300/1025 (152s)
  [m4 1182Hz learned] frame 400/1025 (214s)
  [m4 1182Hz learned] frame 500/1025 (287s)
  [m4 1182Hz learned] frame 600/1025 (342s)
  [m4 1182Hz learned] frame 700/1025 (404s)
  [m4 1182Hz learned] frame 800/1025 (1813s)
  [m4 1182Hz learned] frame 900/1025 (1866s)
  [m4 1182Hz learned] frame 1000/1025 (1925s)
  prec_x=1.898 r_dot_x=0.903 r_trk_x=0.549 valid=71% PASS (1937s)

=== [8/8] learn_nw3_ess0.7  (rate=1182.0, dur=None) ===
  [m4 1182Hz learned] frame 100/1025 (1844s)
  [m4 1182Hz learned] frame 200/1025 (3188s)
  [m4 1182Hz learned] frame 300/1025 (7130s)
  [m4 1182Hz learned] frame 400/1025 (10282s)
  [m4 1182Hz learned] frame 500/1025 (14932s)
  [m4 1182Hz learned] frame 600/1025 (17269s)
  [m4 1182Hz learned] frame 700/1025 (19149s)
  [m4 1182Hz learned] frame 800/1025 (21016s)
  [m4 1182Hz learned] frame 900/1025 (26313s)
  [m4 1182Hz learned] frame 1000/1025 (28727s)
  prec_x=1.897 r_dot_x=0.905 r_trk_x=0.547 valid=71% PASS (28738s)

====================================================================================================
COMBINED LEADERBOARD — 1182 Hz full-length
====================================================================================================
config                  prec_x  r_dot_x  r_trk_x  prec_y  valid  guard
----------------------------------------------------------------------
learn_nw3_ess0.7         1.897    0.905    0.547   0.982    71%   PASS*
learn_nw3                1.898    0.903    0.549   1.016    71%   PASS*
phys_nw3_ess0.7_hp16_rp0.25   1.936    0.905    0.551   0.992    71%   PASS*
phys_nw3                 1.950    0.903    0.550   1.001    71%   PASS*
phys_nw3_ess0.7          1.958    0.905    0.548   0.998    71%   PASS*
phys_ess0.7              1.975    0.905    0.550   0.980    70%   PASS*
phys_hp12                1.978    0.904    0.552   0.987    71%   PASS*
phys_nw3_ess0.7_hp16     1.981    0.905    0.550   1.006    71%   PASS*
learn_N1000              1.984    0.905    0.551   0.977    71%   PASS*
phys_nw3_hp16            1.995    0.904    0.549   1.008    71%   PASS*
phys_rp0.25              1.997    0.904    0.548   0.967    70%   PASS*
phys_pw120               1.999    0.905    0.550   0.958    70%   PASS*
phys_hp10                2.012    0.904    0.549   0.985    71%   PASS*
phys_b10                 2.021    0.904    0.551   0.956    70%   PASS*
phys_ll300               2.026    0.909    0.549   0.954    70%   PASS*
phys_ess0.3              2.030    0.903    0.551   0.960    70%   PASS*
phys_hp20                2.037    0.908    0.551   0.984    71%   PASS*
phys_ll250               2.038    0.904    0.550   0.986    70%   PASS*
phys_N300_base           2.055    0.901    0.550   0.952    70%   PASS 
phys_sa3                 2.059    0.904    0.549   0.959    71%   PASS 
phys_hp8                 2.071    0.903    0.549   0.973    70%   PASS 
phys_hp3                 2.074    0.902    0.548   0.984    70%   PASS 
phys_hp5                 2.098    0.905    0.549   0.970    70%   PASS 
phys_hp16                2.100    0.907    0.552   0.990    71%   PASS 
phys_b30                 2.102    0.902    0.548   0.956    70%   PASS 
phys_N1000               2.106    0.903    0.549   0.996    71%   PASS 
phys_N500                2.112    0.906    0.551   0.985    70%   PASS 
phys_hp4                 2.113    0.903    0.550   0.989    70%   PASS 
phys_rp1.0               2.121    0.903    0.548   0.974    71%   PASS 
phys_sa1                 2.127    0.907    0.553   0.987    70%   PASS 
phys_N2000               2.170    0.903    0.548   1.024    71%   PASS 
phys_nw10                2.183    0.905    0.551   0.945    69%   PASS 
phys_rs125               4.457    0.897    0.546   0.947    70%   PASS 
phys_b40                 2.156    0.903    0.543   0.972    70%   fail 
phys_rs60                2.743    0.895    0.551   0.954    70%   fail 
