  [Ashton3 m4] frame 100/1286 (84s)
  [Ashton3 m4] frame 200/1286 (165s)
  [Ashton3 m4] frame 300/1286 (265s)
  [Ashton3 m4] frame 400/1286 (337s)
  [Ashton3 m4] frame 500/1286 (435s)
  [Ashton3 m4] frame 600/1286 (521s)
  [Ashton3 m4] frame 700/1286 (616s)
  [Ashton3 m4] frame 800/1286 (679s)
  [Ashton3 m4] frame 900/1286 (767s)
  [Ashton3 m4] frame 1000/1286 (850s)
  [Ashton3 m4] frame 1100/1286 (927s)
  [Ashton3 m4] frame 1200/1286 (1013s)
  [Ashton3 m4] frame 100/1286 (43s)
  [Ashton3 m4] frame 200/1286 (89s)
  [Ashton3 m4] frame 300/1286 (133s)
  [Ashton3 m4] frame 400/1286 (166s)
  [Ashton3 m4] frame 500/1286 (211s)
  [Ashton3 m4] frame 600/1286 (257s)
  [Ashton3 m4] frame 700/1286 (301s)
  [Ashton3 m4] frame 800/1286 (333s)
  [Ashton3 m4] frame 900/1286 (377s)
  [Ashton3 m4] frame 1000/1286 (421s)
  [Ashton3 m4] frame 1100/1286 (461s)
  [Ashton3 m4] frame 1200/1286 (505s)
  [Ashton3 m4] frame 100/1286 (44s)
  [Ashton3 m4] frame 200/1286 (89s)
  [Ashton3 m4] frame 300/1286 (132s)
  [Ashton3 m4] frame 400/1286 (165s)
  [Ashton3 m4] frame 500/1286 (210s)
  [Ashton3 m4] frame 600/1286 (259s)
  [Ashton3 m4] frame 700/1286 (308s)
  [Ashton3 m4] frame 800/1286 (344s)
  [Ashton3 m4] frame 900/1286 (391s)
  [Ashton3 m4] frame 1000/1286 (433s)
  [Ashton3 m4] frame 1100/1286 (473s)
  [Ashton3 m4] frame 1200/1286 (516s)
[Ashton3/evenodd:hf] floor_hf=2.882'  split_hf=2.646'  ratio=0.92  all=2.658'  n=490953  (1098s)
  [Ashton3 m4] frame 100/1286 (43s)
  [Ashton3 m4] frame 200/1286 (87s)
  [Ashton3 m4] frame 300/1286 (128s)
  [Ashton3 m4] frame 400/1286 (160s)
  [Ashton3 m4] frame 500/1286 (203s)
  [Ashton3 m4] frame 600/1286 (391s)
  [Ashton3 m4] frame 700/1286 (433s)
  [Ashton3 m4] frame 800/1286 (464s)
  [Ashton3 m4] frame 900/1286 (509s)
  [Ashton3 m4] frame 1000/1286 (552s)
  [Ashton3 m4] frame 1100/1286 (592s)
  [Ashton3 m4] frame 1200/1286 (635s)
  [Ashton3 m4] frame 100/1286 (47s)
  [Ashton3 m4] frame 200/1286 (94s)
  [Ashton3 m4] frame 300/1286 (137s)
  [Ashton3 m4] frame 400/1286 (169s)
  [Ashton3 m4] frame 500/1286 (213s)
  [Ashton3 m4] frame 600/1286 (257s)
  [Ashton3 m4] frame 700/1286 (301s)
  [Ashton3 m4] frame 800/1286 (334s)
  [Ashton3 m4] frame 900/1286 (377s)
  [Ashton3 m4] frame 1000/1286 (420s)
  [Ashton3 m4] frame 1100/1286 (461s)
  [Ashton3 m4] frame 1200/1286 (505s)
[Ashton3/block:slow] floor_hf=2.882'  split_slow=3.451'  ratio=1.20  all=6.908'  n=31505  (1216s)
Wrote /Users/ashtonperlroth/Kodiak/gaze-model/results/pf_splithalf_Ashton3.csv
Wrote /Users/ashtonperlroth/Kodiak/gaze-model/results/pf_splithalf_Ashton3.png

VERDICT [Ashton3]: MEASUREMENT-LIMITED: even/odd halves disagree at HF (split_hf=2.65' vs floor=2.88', ratio=0.92) -> the HF floor is per-line measurement noise, NOT real eye motion. -> Phase D-measurement (observation model). Frame-parity slow disagreement is also large (slow=3.45') -> atlas/decoder REGISTRATION error is a second contributor.
Wrote /Users/ashtonperlroth/Kodiak/gaze-model/results/pf_splithalf.md
